[10:05:13] [main/INFO]: Loading Minecraft 1.21.11 with Fabric Loader 0.18.4
[10:05:13] [main/INFO]: Loading 42 mods:
	- armor-hider 1.21.11-0.4.1
	- fabric-api 0.140.2+1.21.11
	   |-- fabric-api-base 1.0.5+4ebb5c083e
	   |-- fabric-api-lookup-api-v1 1.6.113+1fb1cde93e
	   |-- fabric-biome-api-v1 17.1.1+4fc5413f3e
	   |-- fabric-block-api-v1 1.1.10+4ebb5c083e
	   |-- fabric-block-view-api-v2 1.0.39+4ebb5c083e
	   |-- fabric-command-api-v2 2.4.7+6b42a6003e
	   |-- fabric-content-registries-v0 10.2.14+4fc5413f3e
	   |-- fabric-convention-tags-v1 2.1.55+7f945d5b3e
	   |-- fabric-convention-tags-v2 2.17.3+8ef948ba3e
	   |-- fabric-crash-report-info-v1 0.3.23+4ebb5c083e
	   |-- fabric-data-attachment-api-v1 1.8.44+1fb1cde93e
	   |-- fabric-data-generation-api-v1 23.4.0+69974c4e3e
	   |-- fabric-dimensions-v1 4.0.28+4fc5413f3e
	   |-- fabric-entity-events-v1 3.0.5+4ebb5c083e
	   |-- fabric-events-interaction-v0 4.0.44+1fb1cde93e
	   |-- fabric-game-rule-api-v1 2.0.3+4fc5413f3e
	   |-- fabric-item-api-v1 11.5.20+d0c46b9e3e
	   |-- fabric-item-group-api-v1 4.2.36+4fc5413f3e
	   |-- fabric-key-binding-api-v1 1.1.7+4fc5413f3e
	   |-- fabric-lifecycle-events-v1 2.6.15+4ebb5c083e
	   |-- fabric-loot-api-v2 3.0.73+3f89f5a53e
	   |-- fabric-loot-api-v3 2.0.20+78c8b4663e
	   |-- fabric-message-api-v1 6.1.12+4ebb5c083e
	   |-- fabric-model-loading-api-v1 6.0.13+4fc5413f3e
	   |-- fabric-networking-api-v1 5.1.5+ae1e07683e
	   |-- fabric-object-builder-api-v1 21.1.39+4fc5413f3e
	   |-- fabric-particles-v1 4.2.11+4fc5413f3e
	   |-- fabric-recipe-api-v1 8.2.3+4ebb5c083e
	   |-- fabric-registry-sync-v0 6.2.5+1718722b3e
	   |-- fabric-renderer-api-v1 8.0.1+f4ffd2e53e
	   |-- fabric-renderer-indigo 5.0.1+f4ffd2e53e
	   |-- fabric-rendering-fluids-v1 3.1.43+4ebb5c083e
	   |-- fabric-rendering-v1 16.2.8+f4ffd2e53e
	   |-- fabric-resource-conditions-api-v1 5.0.35+4fc5413f3e
	   |-- fabric-resource-loader-v0 3.3.4+4fc5413f3e
	   |-- fabric-resource-loader-v1 1.0.10+78c8b4663e
	   |-- fabric-screen-api-v1 3.1.7+4ebb5c083e
	   |-- fabric-screen-handler-api-v1 1.3.161+4fc5413f3e
	   |-- fabric-serialization-api-v1 1.0.5+4ebb5c083e
	   |-- fabric-sound-api-v1 1.0.51+4fc5413f3e
	   |-- fabric-tag-api-v1 1.2.20+4fc5413f3e
	   |-- fabric-transfer-api-v1 6.0.24+4fc5413f3e
	   \-- fabric-transitive-access-wideners-v1 7.1.0+014c8cec3e
	- fabricloader 0.18.4
	   \-- mixinextras 0.5.0
	- java 25
	- minecraft 1.21.11
[10:05:13] [main/INFO]: SpongePowered MIXIN Subsystem Version=0.8.7 Source=file:/C:/Users/kyevi/Desktop/Luminara/libraries/net/fabricmc/sponge-mixin/0.17.0+mixin.0.8.7/sponge-mixin-0.17.0+mixin.0.8.7.jar Service=Knot/Fabric Env=SERVER
[10:05:13] [main/INFO]: Compatibility level set to JAVA_21
[10:05:14] [main/INFO]: Initializing MixinExtras via com.llamalad7.mixinextras.service.MixinExtrasServiceImpl(version=0.5.0).
[10:05:15] [main/WARN]: Invalid registry value type detected for PerfOS counters. Should be REG_DWORD. Ignoring: HKEY_LOCAL_MACHINE\SYSTEM\CurrentControlSet\Services\PerfOS\Performance\Disable Performance Counters.
[10:05:21] [main/INFO]: [Zannagh's Armor Hider] - Armor Hider initializing...
[10:05:21] [main/INFO]: [Zannagh's Armor Hider] - Armor Hider initialized.
[10:05:21] [main/WARN]: You specified a resource pack without providing a sha1 hash. Pack will be updated on the client only if you change the name of the pack.
[10:05:21] [main/WARN]: resource-pack-id missing, using default of 773e3673-f33c-3411-b88d-950bfc18d134
[10:05:21] [main/INFO]: Environment: Environment[sessionHost=https://sessionserver.mojang.com, servicesHost=https://api.minecraftservices.com, profilesHost=https://api.mojang.com, name=PROD]
[10:05:23] [main/INFO]: Loaded 1470 recipes
[10:05:23] [main/INFO]: Loaded 1584 advancements
[10:05:23] [main/INFO]: Applied 0 biome modifications to 0 of 65 new biomes in 887.4 μs
[10:05:23] [Server thread/INFO]: [Zannagh's Armor Hider] - Loaded server config (new format).
[10:05:23] [Server thread/INFO]: [Zannagh's Armor Hider] - Server config store opened
[10:05:23] [Server thread/INFO]: Starting minecraft server version 1.21.11
[10:05:23] [Server thread/INFO]: Loading properties
[10:05:23] [Server thread/INFO]: Default game type: SURVIVAL
[10:05:23] [Server thread/INFO]: Generating keypair
[10:05:23] [Server thread/INFO]: Starting Minecraft server on *:25565
[10:05:23] [Server thread/INFO]: Preparing level "Luminara"
[10:05:23] [Server thread/INFO]: Loading 0 persistent chunks...
[10:05:23] [Server thread/INFO]: Preparing spawn area: 100%
[10:05:23] [Server thread/INFO]: Time elapsed: 63 ms
[10:05:23] [Server thread/INFO]: Done (0.328s)! For help, type "help"
[10:06:23] [Server thread/INFO]: Server empty for 60 seconds, pausing
[10:06:47] [User Authenticator #1/INFO]: UUID of player ZebraEatCake is 8cd5df85-a442-49fb-948d-48f7a15e32bb
[10:06:50] [Server thread/INFO]: ZebraEatCake[/192.168.0.125:54837] logged in with entity id 877 at (460.8777016088337, 227.5, -1466.481919109843)
[10:06:50] [Server thread/INFO]: [Zannagh's Armor Hider] - Player joined with ID 8cd5df85-a442-49fb-948d-48f7a15e32bb. Sending current server config to client...
[10:06:50] [Server thread/INFO]: ZebraEatCake joined the game
[10:06:51] [Server thread/INFO]: [Zannagh's Armor Hider] - Server received settings packet from 8cd5df85-a442-49fb-948d-48f7a15e32bb
[10:06:51] [Server thread/INFO]: [Zannagh's Armor Hider] - Saved server config.
[10:06:51] [Server thread/INFO]: [Zannagh's Armor Hider] - Saved server config.
[10:06:51] [Server thread/INFO]: [Zannagh's Armor Hider] - Sending config to players...
[10:06:51] [Server thread/INFO]: [Zannagh's Armor Hider] - Server received settings packet from 8cd5df85-a442-49fb-948d-48f7a15e32bb
[10:06:51] [Server thread/INFO]: [Zannagh's Armor Hider] - Saved server config.
[10:06:51] [Server thread/INFO]: [Zannagh's Armor Hider] - Saved server config.
[10:06:51] [Server thread/INFO]: [Zannagh's Armor Hider] - Sending config to players...
[10:06:51] [Server thread/INFO]: [Zannagh's Armor Hider] - Server received settings packet from 8cd5df85-a442-49fb-948d-48f7a15e32bb
[10:06:51] [Server thread/INFO]: [Zannagh's Armor Hider] - Saved server config.
[10:06:51] [Server thread/INFO]: [Zannagh's Armor Hider] - Saved server config.
[10:06:51] [Server thread/INFO]: [Zannagh's Armor Hider] - Sending config to players...
[10:06:52] [Server thread/INFO]: ZebraEatCake has reached the goal [Beaconator]
[10:44:44] [User Authenticator #2/INFO]: UUID of player KittyScanArchive is 062756ef-bf83-4f39-9b52-c73f767c6b5b
[10:44:44] [Server thread/INFO]: Disconnecting KittyScanArchive (/176.65.148.4:56664): You are not white-listed on this server!
[10:44:44] [Server thread/INFO]: KittyScanArchive (/176.65.148.4:56664) lost connection: You are not white-listed on this server!
[10:44:44] [Server thread/WARN]: handleDisconnection() called twice
[11:29:37] [Server thread/WARN]: Can't keep up! Is the server overloaded? Running 2000ms or 40 ticks behind
[11:31:36] [Server thread/WARN]: Can't keep up! Is the server overloaded? Running 2004ms or 40 ticks behind
[11:32:12] [Server thread/WARN]: Can't keep up! Is the server overloaded? Running 2003ms or 40 ticks behind
[11:32:46] [Server thread/WARN]: Can't keep up! Is the server overloaded? Running 2005ms or 40 ticks behind
[11:36:59] [Server thread/WARN]: Can't keep up! Is the server overloaded? Running 2000ms or 40 ticks behind
[11:38:18] [Server thread/WARN]: Can't keep up! Is the server overloaded? Running 2001ms or 40 ticks behind
[11:39:11] [Server thread/WARN]: Can't keep up! Is the server overloaded? Running 2000ms or 40 ticks behind
[11:40:09] [Server thread/WARN]: Can't keep up! Is the server overloaded? Running 2004ms or 40 ticks behind
[11:40:41] [Server thread/WARN]: Can't keep up! Is the server overloaded? Running 2002ms or 40 ticks behind
[11:41:11] [Server thread/WARN]: Can't keep up! Is the server overloaded? Running 2003ms or 40 ticks behind
[11:41:38] [Server thread/WARN]: Can't keep up! Is the server overloaded? Running 2007ms or 40 ticks behind
[11:42:14] [Server thread/WARN]: Can't keep up! Is the server overloaded? Running 2002ms or 40 ticks behind
[11:42:38] [Server thread/WARN]: Can't keep up! Is the server overloaded? Running 2002ms or 40 ticks behind
[11:43:07] [Server thread/WARN]: Can't keep up! Is the server overloaded? Running 2000ms or 40 ticks behind
[11:43:39] [Server thread/WARN]: Can't keep up! Is the server overloaded? Running 2000ms or 40 ticks behind
[11:44:13] [Server thread/WARN]: Can't keep up! Is the server overloaded? Running 2001ms or 40 ticks behind
[11:44:37] [Server thread/WARN]: Can't keep up! Is the server overloaded? Running 2002ms or 40 ticks behind
[11:44:57] [Server thread/WARN]: Can't keep up! Is the server overloaded? Running 2001ms or 40 ticks behind
[11:45:24] [Server thread/WARN]: Can't keep up! Is the server overloaded? Running 2006ms or 40 ticks behind
[11:45:53] [Server thread/WARN]: Can't keep up! Is the server overloaded? Running 2001ms or 40 ticks behind
[11:46:38] [Server thread/WARN]: Can't keep up! Is the server overloaded? Running 2008ms or 40 ticks behind
[11:47:17] [Server thread/WARN]: Can't keep up! Is the server overloaded? Running 2013ms or 40 ticks behind
[11:47:58] [Server thread/WARN]: Can't keep up! Is the server overloaded? Running 2000ms or 40 ticks behind
[11:48:49] [Server thread/WARN]: Can't keep up! Is the server overloaded? Running 2001ms or 40 ticks behind
[11:49:28] [Server thread/WARN]: Can't keep up! Is the server overloaded? Running 2003ms or 40 ticks behind
[11:50:45] [Server thread/WARN]: Can't keep up! Is the server overloaded? Running 2000ms or 40 ticks behind
[11:51:31] [Server thread/WARN]: Can't keep up! Is the server overloaded? Running 2000ms or 40 ticks behind
[11:51:56] [Server thread/WARN]: Can't keep up! Is the server overloaded? Running 2005ms or 40 ticks behind
[11:52:31] [Server thread/WARN]: Can't keep up! Is the server overloaded? Running 2003ms or 40 ticks behind
[11:53:06] [Server thread/WARN]: Can't keep up! Is the server overloaded? Running 2004ms or 40 ticks behind
[11:53:32] [Server thread/WARN]: Can't keep up! Is the server overloaded? Running 2005ms or 40 ticks behind
[11:54:00] [Server thread/WARN]: Can't keep up! Is the server overloaded? Running 2004ms or 40 ticks behind
[11:54:22] [Server thread/WARN]: Can't keep up! Is the server overloaded? Running 2000ms or 40 ticks behind
[11:54:40] [Server thread/WARN]: Can't keep up! Is the server overloaded? Running 2003ms or 40 ticks behind
[11:54:59] [Server thread/WARN]: Can't keep up! Is the server overloaded? Running 2007ms or 40 ticks behind
[11:55:22] [Server thread/WARN]: Can't keep up! Is the server overloaded? Running 2002ms or 40 ticks behind
[11:55:43] [Server thread/WARN]: Can't keep up! Is the server overloaded? Running 2006ms or 40 ticks behind
[11:56:02] [Server thread/WARN]: Can't keep up! Is the server overloaded? Running 2000ms or 40 ticks behind
[11:56:20] [Server thread/WARN]: Can't keep up! Is the server overloaded? Running 2004ms or 40 ticks behind
[11:56:37] [Server thread/WARN]: Can't keep up! Is the server overloaded? Running 2121ms or 42 ticks behind
[11:56:55] [Server thread/WARN]: Can't keep up! Is the server overloaded? Running 2000ms or 40 ticks behind
[11:57:14] [Server thread/WARN]: Can't keep up! Is the server overloaded? Running 2005ms or 40 ticks behind
[11:57:31] [Server thread/WARN]: Can't keep up! Is the server overloaded? Running 2119ms or 42 ticks behind
[11:57:49] [Server thread/WARN]: Can't keep up! Is the server overloaded? Running 2324ms or 46 ticks behind
[11:58:06] [Server thread/WARN]: Can't keep up! Is the server overloaded? Running 2231ms or 44 ticks behind
[11:58:23] [Server thread/WARN]: Can't keep up! Is the server overloaded? Running 2276ms or 45 ticks behind
[11:58:40] [Server thread/WARN]: Can't keep up! Is the server overloaded? Running 2005ms or 40 ticks behind
[11:58:57] [Server thread/WARN]: Can't keep up! Is the server overloaded? Running 2001ms or 40 ticks behind
[11:59:16] [Server thread/WARN]: Can't keep up! Is the server overloaded? Running 2004ms or 40 ticks behind
[11:59:34] [Server thread/WARN]: Can't keep up! Is the server overloaded? Running 2399ms or 47 ticks behind
[11:59:52] [Server thread/WARN]: Can't keep up! Is the server overloaded? Running 2003ms or 40 ticks behind
[12:00:10] [Server thread/WARN]: Can't keep up! Is the server overloaded? Running 2192ms or 43 ticks behind
[12:00:27] [Server thread/WARN]: Can't keep up! Is the server overloaded? Running 2037ms or 40 ticks behind
[12:00:44] [Server thread/WARN]: Can't keep up! Is the server overloaded? Running 2001ms or 40 ticks behind
[12:01:01] [Server thread/WARN]: Can't keep up! Is the server overloaded? Running 2002ms or 40 ticks behind
[12:01:18] [Server thread/WARN]: Can't keep up! Is the server overloaded? Running 2053ms or 41 ticks behind
[12:01:36] [Server thread/WARN]: Can't keep up! Is the server overloaded? Running 2008ms or 40 ticks behind
[12:01:53] [Server thread/WARN]: Can't keep up! Is the server overloaded? Running 2140ms or 42 ticks behind
[12:01:54] [Netty NIO IO #1/ERROR]: Error sending packet clientbound/minecraft:disconnect
io.netty.handler.codec.EncoderException: Sending unknown packet 'clientbound/minecraft:disconnect'
	at knot//net.minecraft.class_9136.method_56426(class_9136.java:50)
	at knot//net.minecraft.class_9136.encode(class_9136.java:14)
	at knot//net.minecraft.class_2545.method_10838(class_2545.java:26)
	at knot//net.minecraft.class_2545.encode(class_2545.java:12)
	at knot//io.netty.handler.codec.MessageToByteEncoder.write(MessageToByteEncoder.java:107)
	at knot//io.netty.channel.AbstractChannelHandlerContext.write(AbstractChannelHandlerContext.java:827)
	at knot//io.netty.channel.AbstractChannelHandlerContext.write(AbstractChannelHandlerContext.java:752)
	at knot//io.netty.channel.ChannelOutboundHandlerAdapter.write(ChannelOutboundHandlerAdapter.java:113)
	at knot//net.minecraft.class_2535$2.write(class_2535.java:488)
	at knot//io.netty.channel.AbstractChannelHandlerContext.write(AbstractChannelHandlerContext.java:827)
	at knot//io.netty.channel.AbstractChannelHandlerContext.writeAndFlush(AbstractChannelHandlerContext.java:804)
	at knot//io.netty.channel.AbstractChannelHandlerContext.writeAndFlush(AbstractChannelHandlerContext.java:869)
	at knot//io.netty.channel.DefaultChannelPipeline.writeAndFlush(DefaultChannelPipeline.java:1046)
	at knot//io.netty.channel.Channel.writeAndFlush(Channel.java:257)
	at knot//net.minecraft.class_2535.method_36942(class_2535.java:324)
	at knot//net.minecraft.class_2535.method_10764(class_2535.java:316)
	at knot//net.minecraft.class_2535.method_52906(class_2535.java:298)
	at knot//net.minecraft.class_2535.method_10752(class_2535.java:292)
	at knot//net.minecraft.class_2535.exceptionCaught(class_2535.java:143)
	at knot//io.netty.channel.AbstractChannelHandlerContext.invokeExceptionCaught(AbstractChannelHandlerContext.java:289)
	at knot//io.netty.channel.AbstractChannelHandlerContext.fireExceptionCaught(AbstractChannelHandlerContext.java:271)
	at knot//io.netty.channel.DefaultChannelPipeline$HeadContext.exceptionCaught(DefaultChannelPipeline.java:1396)
	at knot//io.netty.channel.DefaultChannelPipeline.fireExceptionCaught(DefaultChannelPipeline.java:890)
	at knot//io.netty.channel.nio.AbstractNioByteChannel$NioByteUnsafe.handleReadException(AbstractNioByteChannel.java:127)
	at knot//io.netty.channel.nio.AbstractNioByteChannel$NioByteUnsafe.read(AbstractNioByteChannel.java:179)
	at knot//io.netty.channel.nio.AbstractNioChannel$AbstractNioUnsafe.handle(AbstractNioChannel.java:445)
	at knot//io.netty.channel.nio.NioIoHandler$DefaultNioRegistration.handle(NioIoHandler.java:388)
	at knot//io.netty.channel.nio.NioIoHandler.processSelectedKey(NioIoHandler.java:596)
	at knot//io.netty.channel.nio.NioIoHandler.processSelectedKeysPlain(NioIoHandler.java:541)
	at knot//io.netty.channel.nio.NioIoHandler.processSelectedKeys(NioIoHandler.java:514)
	at knot//io.netty.channel.nio.NioIoHandler.run(NioIoHandler.java:484)
	at knot//io.netty.channel.SingleThreadIoEventLoop.runIo(SingleThreadIoEventLoop.java:225)
	at knot//io.netty.channel.SingleThreadIoEventLoop.run(SingleThreadIoEventLoop.java:196)
	at knot//io.netty.util.concurrent.SingleThreadEventExecutor$5.run(SingleThreadEventExecutor.java:1193)
	at knot//io.netty.util.internal.ThreadExecutorMap$2.run(ThreadExecutorMap.java:74)
	at java.base/java.lang.Thread.run(Thread.java:1474)
[12:02:10] [Server thread/WARN]: Can't keep up! Is the server overloaded? Running 2076ms or 41 ticks behind
[12:02:27] [Server thread/WARN]: Can't keep up! Is the server overloaded? Running 2009ms or 40 ticks behind
[12:02:45] [Server thread/WARN]: Can't keep up! Is the server overloaded? Running 2765ms or 55 ticks behind
[12:03:03] [Server thread/WARN]: Can't keep up! Is the server overloaded? Running 2531ms or 50 ticks behind
[12:03:20] [Server thread/WARN]: Can't keep up! Is the server overloaded? Running 2055ms or 41 ticks behind
[12:03:37] [Server thread/WARN]: Can't keep up! Is the server overloaded? Running 2124ms or 42 ticks behind
[12:03:54] [Server thread/WARN]: Can't keep up! Is the server overloaded? Running 2001ms or 40 ticks behind
[12:04:11] [Server thread/WARN]: Can't keep up! Is the server overloaded? Running 2057ms or 41 ticks behind
[12:04:28] [Server thread/WARN]: Can't keep up! Is the server overloaded? Running 2001ms or 40 ticks behind
[12:04:47] [Server thread/WARN]: Can't keep up! Is the server overloaded? Running 2001ms or 40 ticks behind
[12:05:08] [Server thread/WARN]: Can't keep up! Is the server overloaded? Running 2004ms or 40 ticks behind
[12:05:25] [Server thread/WARN]: Can't keep up! Is the server overloaded? Running 2311ms or 46 ticks behind
[12:05:30] [Server thread/INFO]: popiiumaa (/4.180.183.240:15361) lost connection: Disconnected
[12:05:43] [Server thread/WARN]: Can't keep up! Is the server overloaded? Running 2461ms or 49 ticks behind
[12:06:00] [Server thread/WARN]: Can't keep up! Is the server overloaded? Running 2495ms or 49 ticks behind
[12:06:18] [Server thread/WARN]: Can't keep up! Is the server overloaded? Running 2647ms or 52 ticks behind
[12:06:35] [Server thread/WARN]: Can't keep up! Is the server overloaded? Running 2351ms or 47 ticks behind
[12:06:52] [Server thread/WARN]: Can't keep up! Is the server overloaded? Running 2446ms or 48 ticks behind
[12:07:10] [Server thread/WARN]: Can't keep up! Is the server overloaded? Running 2344ms or 46 ticks behind
[12:07:27] [Server thread/WARN]: Can't keep up! Is the server overloaded? Running 2220ms or 44 ticks behind
[12:07:44] [Server thread/WARN]: Can't keep up! Is the server overloaded? Running 2503ms or 50 ticks behind
[12:08:02] [Server thread/WARN]: Can't keep up! Is the server overloaded? Running 2665ms or 53 ticks behind
[12:08:19] [Server thread/WARN]: Can't keep up! Is the server overloaded? Running 2440ms or 48 ticks behind
[12:08:37] [Server thread/WARN]: Can't keep up! Is the server overloaded? Running 2819ms or 56 ticks behind
[12:08:55] [Server thread/WARN]: Can't keep up! Is the server overloaded? Running 2310ms or 46 ticks behind
[12:09:12] [Server thread/WARN]: Can't keep up! Is the server overloaded? Running 2002ms or 40 ticks behind
[12:09:29] [Server thread/WARN]: Can't keep up! Is the server overloaded? Running 2448ms or 48 ticks behind
[12:09:47] [Server thread/WARN]: Can't keep up! Is the server overloaded? Running 2611ms or 52 ticks behind
[12:10:04] [Server thread/WARN]: Can't keep up! Is the server overloaded? Running 2353ms or 47 ticks behind
[12:10:21] [Server thread/WARN]: Can't keep up! Is the server overloaded? Running 2088ms or 41 ticks behind
[12:10:38] [Server thread/WARN]: Can't keep up! Is the server overloaded? Running 2194ms or 43 ticks behind
[12:10:56] [Server thread/WARN]: Can't keep up! Is the server overloaded? Running 2858ms or 57 ticks behind
[12:11:14] [Server thread/WARN]: Can't keep up! Is the server overloaded? Running 2629ms or 52 ticks behind
[12:11:31] [Server thread/WARN]: Can't keep up! Is the server overloaded? Running 2831ms or 56 ticks behind
[12:11:50] [Server thread/WARN]: Can't keep up! Is the server overloaded? Running 3331ms or 66 ticks behind
[12:12:08] [Server thread/WARN]: Can't keep up! Is the server overloaded? Running 2800ms or 56 ticks behind
[12:12:26] [Server thread/WARN]: Can't keep up! Is the server overloaded? Running 2984ms or 59 ticks behind
[12:12:43] [Server thread/WARN]: Can't keep up! Is the server overloaded? Running 2890ms or 57 ticks behind
[12:13:01] [Server thread/WARN]: Can't keep up! Is the server overloaded? Running 2708ms or 54 ticks behind
[12:13:19] [Server thread/WARN]: Can't keep up! Is the server overloaded? Running 2857ms or 57 ticks behind
[12:13:36] [Server thread/WARN]: Can't keep up! Is the server overloaded? Running 2220ms or 44 ticks behind
[12:13:54] [Server thread/WARN]: Can't keep up! Is the server overloaded? Running 2633ms or 52 ticks behind
[12:14:11] [Server thread/WARN]: Can't keep up! Is the server overloaded? Running 2283ms or 45 ticks behind
[12:14:29] [Server thread/WARN]: Can't keep up! Is the server overloaded? Running 2858ms or 57 ticks behind
[12:14:46] [Server thread/WARN]: Can't keep up! Is the server overloaded? Running 2679ms or 53 ticks behind
[12:15:04] [Server thread/WARN]: Can't keep up! Is the server overloaded? Running 2535ms or 50 ticks behind
[12:15:22] [Server thread/WARN]: Can't keep up! Is the server overloaded? Running 2802ms or 56 ticks behind
[12:15:40] [Server thread/WARN]: Can't keep up! Is the server overloaded? Running 3242ms or 64 ticks behind
[12:15:58] [Server thread/WARN]: Can't keep up! Is the server overloaded? Running 2902ms or 58 ticks behind
[12:16:16] [Server thread/WARN]: Can't keep up! Is the server overloaded? Running 3048ms or 60 ticks behind
[12:16:34] [Server thread/WARN]: Can't keep up! Is the server overloaded? Running 3181ms or 63 ticks behind
[12:16:52] [Server thread/WARN]: Can't keep up! Is the server overloaded? Running 2848ms or 56 ticks behind
[12:17:09] [Server thread/WARN]: Can't keep up! Is the server overloaded? Running 2606ms or 52 ticks behind
[12:17:27] [Server thread/WARN]: Can't keep up! Is the server overloaded? Running 3039ms or 60 ticks behind
[12:17:46] [Server thread/WARN]: Can't keep up! Is the server overloaded? Running 3140ms or 62 ticks behind
[12:18:03] [Server thread/WARN]: Can't keep up! Is the server overloaded? Running 2302ms or 46 ticks behind
[12:18:21] [Server thread/WARN]: Can't keep up! Is the server overloaded? Running 2735ms or 54 ticks behind
[12:18:38] [Server thread/WARN]: Can't keep up! Is the server overloaded? Running 2776ms or 55 ticks behind
[12:18:56] [Server thread/WARN]: Can't keep up! Is the server overloaded? Running 2644ms or 52 ticks behind
[12:19:13] [Server thread/WARN]: Can't keep up! Is the server overloaded? Running 2002ms or 40 ticks behind
[12:19:30] [Server thread/WARN]: Can't keep up! Is the server overloaded? Running 2308ms or 46 ticks behind
[12:19:47] [Server thread/WARN]: Can't keep up! Is the server overloaded? Running 2041ms or 40 ticks behind
[12:20:05] [Server thread/WARN]: Can't keep up! Is the server overloaded? Running 2210ms or 44 ticks behind
[12:20:22] [Server thread/WARN]: Can't keep up! Is the server overloaded? Running 2399ms or 47 ticks behind
[12:20:39] [Server thread/WARN]: Can't keep up! Is the server overloaded? Running 2000ms or 40 ticks behind
[12:20:56] [Server thread/WARN]: Can't keep up! Is the server overloaded? Running 2045ms or 40 ticks behind
[12:21:13] [Server thread/WARN]: Can't keep up! Is the server overloaded? Running 2138ms or 42 ticks behind
[12:21:30] [Server thread/WARN]: Can't keep up! Is the server overloaded? Running 2008ms or 40 ticks behind
[12:21:50] [Server thread/WARN]: Can't keep up! Is the server overloaded? Running 2006ms or 40 ticks behind
[12:22:11] [Server thread/WARN]: Can't keep up! Is the server overloaded? Running 2004ms or 40 ticks behind
[12:22:32] [Server thread/WARN]: Can't keep up! Is the server overloaded? Running 2016ms or 40 ticks behind
[12:22:49] [Server thread/WARN]: Can't keep up! Is the server overloaded? Running 2003ms or 40 ticks behind
[12:23:11] [Server thread/WARN]: Can't keep up! Is the server overloaded? Running 2001ms or 40 ticks behind
[12:23:31] [Server thread/WARN]: Can't keep up! Is the server overloaded? Running 2001ms or 40 ticks behind
[12:23:54] [Server thread/WARN]: Can't keep up! Is the server overloaded? Running 2001ms or 40 ticks behind
[12:24:12] [Server thread/WARN]: Can't keep up! Is the server overloaded? Running 2004ms or 40 ticks behind
[12:24:31] [Server thread/WARN]: Can't keep up! Is the server overloaded? Running 3436ms or 68 ticks behind
[12:24:49] [Server thread/WARN]: Can't keep up! Is the server overloaded? Running 3683ms or 73 ticks behind
[12:25:07] [Server thread/WARN]: Can't keep up! Is the server overloaded? Running 2524ms or 50 ticks behind
[12:25:26] [Server thread/WARN]: Can't keep up! Is the server overloaded? Running 2002ms or 40 ticks behind
[12:25:53] [Server thread/WARN]: Can't keep up! Is the server overloaded? Running 2001ms or 40 ticks behind
[12:26:15] [Server thread/WARN]: Can't keep up! Is the server overloaded? Running 2001ms or 40 ticks behind
[12:28:06] [Server thread/WARN]: Can't keep up! Is the server overloaded? Running 2004ms or 40 ticks behind
[12:28:45] [Server thread/WARN]: Can't keep up! Is the server overloaded? Running 2013ms or 40 ticks behind
[12:29:11] [Server thread/WARN]: Can't keep up! Is the server overloaded? Running 2002ms or 40 ticks behind
[12:29:34] [Server thread/WARN]: Can't keep up! Is the server overloaded? Running 2002ms or 40 ticks behind
[12:29:57] [Server thread/WARN]: Can't keep up! Is the server overloaded? Running 2001ms or 40 ticks behind
[12:30:15] [Server thread/WARN]: Can't keep up! Is the server overloaded? Running 3043ms or 60 ticks behind
[12:30:32] [Server thread/WARN]: Can't keep up! Is the server overloaded? Running 2573ms or 51 ticks behind
[12:30:49] [Server thread/WARN]: Can't keep up! Is the server overloaded? Running 2008ms or 40 ticks behind
[12:31:08] [Server thread/WARN]: Can't keep up! Is the server overloaded? Running 3418ms or 68 ticks behind
[12:31:27] [Server thread/WARN]: Can't keep up! Is the server overloaded? Running 4014ms or 80 ticks behind
[12:31:45] [Server thread/WARN]: Can't keep up! Is the server overloaded? Running 3304ms or 66 ticks behind
[12:32:05] [Server thread/WARN]: Can't keep up! Is the server overloaded? Running 4531ms or 90 ticks behind
[12:32:24] [Server thread/WARN]: Can't keep up! Is the server overloaded? Running 4255ms or 85 ticks behind
[12:32:44] [Server thread/WARN]: Can't keep up! Is the server overloaded? Running 4994ms or 99 ticks behind
[12:33:03] [Server thread/WARN]: Can't keep up! Is the server overloaded? Running 4584ms or 91 ticks behind
[12:33:23] [Server thread/WARN]: Can't keep up! Is the server overloaded? Running 4659ms or 93 ticks behind
[12:33:41] [Server thread/WARN]: Can't keep up! Is the server overloaded? Running 3406ms or 68 ticks behind
[12:34:00] [Server thread/WARN]: Can't keep up! Is the server overloaded? Running 3769ms or 75 ticks behind
[12:34:19] [Server thread/WARN]: Can't keep up! Is the server overloaded? Running 3759ms or 75 ticks behind
[12:34:38] [Server thread/WARN]: Can't keep up! Is the server overloaded? Running 4117ms or 82 ticks behind
[12:34:57] [Server thread/WARN]: Can't keep up! Is the server overloaded? Running 3994ms or 79 ticks behind
[12:35:16] [Server thread/WARN]: Can't keep up! Is the server overloaded? Running 3961ms or 79 ticks behind
[12:35:34] [Server thread/WARN]: Can't keep up! Is the server overloaded? Running 3368ms or 67 ticks behind
[12:35:53] [Server thread/WARN]: Can't keep up! Is the server overloaded? Running 3340ms or 66 ticks behind
[12:36:11] [Server thread/WARN]: Can't keep up! Is the server overloaded? Running 3736ms or 74 ticks behind
[12:36:30] [Server thread/WARN]: Can't keep up! Is the server overloaded? Running 4151ms or 83 ticks behind
[12:36:49] [Server thread/WARN]: Can't keep up! Is the server overloaded? Running 3996ms or 79 ticks behind
[12:37:08] [Server thread/WARN]: Can't keep up! Is the server overloaded? Running 3677ms or 73 ticks behind
[12:37:27] [Server thread/WARN]: Can't keep up! Is the server overloaded? Running 3774ms or 75 ticks behind
[12:37:45] [Server thread/WARN]: Can't keep up! Is the server overloaded? Running 3760ms or 75 ticks behind
[12:38:04] [Server thread/WARN]: Can't keep up! Is the server overloaded? Running 3578ms or 71 ticks behind
[12:38:23] [Server thread/WARN]: Can't keep up! Is the server overloaded? Running 4344ms or 86 ticks behind
[12:38:42] [Server thread/WARN]: Can't keep up! Is the server overloaded? Running 4150ms or 83 ticks behind
[12:39:03] [Server thread/WARN]: Can't keep up! Is the server overloaded? Running 5078ms or 101 ticks behind
[12:39:22] [Server thread/WARN]: Can't keep up! Is the server overloaded? Running 4776ms or 95 ticks behind
[12:39:42] [Server thread/WARN]: Can't keep up! Is the server overloaded? Running 4862ms or 97 ticks behind
[12:40:02] [Server thread/WARN]: Can't keep up! Is the server overloaded? Running 4433ms or 88 ticks behind
[12:40:21] [Server thread/WARN]: Can't keep up! Is the server overloaded? Running 4405ms or 88 ticks behind
[12:40:41] [Server thread/WARN]: Can't keep up! Is the server overloaded? Running 5020ms or 100 ticks behind
[12:41:01] [Server thread/WARN]: Can't keep up! Is the server overloaded? Running 5027ms or 100 ticks behind
[12:41:21] [Server thread/WARN]: Can't keep up! Is the server overloaded? Running 5197ms or 103 ticks behind
[12:41:41] [Server thread/WARN]: Can't keep up! Is the server overloaded? Running 5096ms or 101 ticks behind
[12:42:01] [Server thread/WARN]: Can't keep up! Is the server overloaded? Running 4876ms or 97 ticks behind
[12:42:20] [Server thread/WARN]: Can't keep up! Is the server overloaded? Running 4300ms or 86 ticks behind
[12:42:39] [Server thread/WARN]: Can't keep up! Is the server overloaded? Running 4152ms or 83 ticks behind
[12:43:00] [Server thread/WARN]: Can't keep up! Is the server overloaded? Running 5490ms or 109 ticks behind
[12:43:21] [Server thread/WARN]: Can't keep up! Is the server overloaded? Running 5729ms or 114 ticks behind
[12:43:42] [Server thread/WARN]: Can't keep up! Is the server overloaded? Running 6025ms or 120 ticks behind
[12:44:02] [Server thread/WARN]: Can't keep up! Is the server overloaded? Running 5700ms or 114 ticks behind
[12:44:23] [Server thread/WARN]: Can't keep up! Is the server overloaded? Running 6016ms or 120 ticks behind
[12:44:44] [Server thread/WARN]: Can't keep up! Is the server overloaded? Running 5427ms or 108 ticks behind
[12:45:05] [Server thread/WARN]: Can't keep up! Is the server overloaded? Running 6479ms or 129 ticks behind
[12:45:27] [Server thread/WARN]: Can't keep up! Is the server overloaded? Running 6864ms or 137 ticks behind
[12:45:50] [Server thread/WARN]: Can't keep up! Is the server overloaded? Running 8255ms or 165 ticks behind
[12:46:12] [Server thread/WARN]: Can't keep up! Is the server overloaded? Running 6934ms or 138 ticks behind
[12:46:34] [Server thread/WARN]: Can't keep up! Is the server overloaded? Running 6766ms or 135 ticks behind
[12:46:58] [Server thread/WARN]: Can't keep up! Is the server overloaded? Running 8922ms or 178 ticks behind
[12:47:21] [Server thread/WARN]: Can't keep up! Is the server overloaded? Running 8069ms or 161 ticks behind
[12:47:43] [Server thread/WARN]: Can't keep up! Is the server overloaded? Running 6927ms or 138 ticks behind
[12:48:05] [Server thread/WARN]: Can't keep up! Is the server overloaded? Running 7218ms or 144 ticks behind
[12:48:28] [Server thread/WARN]: Can't keep up! Is the server overloaded? Running 7676ms or 153 ticks behind
[12:48:50] [Server thread/WARN]: Can't keep up! Is the server overloaded? Running 7571ms or 151 ticks behind
[12:49:13] [Server thread/WARN]: Can't keep up! Is the server overloaded? Running 7540ms or 150 ticks behind
[12:49:34] [Server thread/WARN]: Can't keep up! Is the server overloaded? Running 6814ms or 136 ticks behind
[12:49:56] [Server thread/WARN]: Can't keep up! Is the server overloaded? Running 6343ms or 126 ticks behind
[12:50:18] [Server thread/WARN]: Can't keep up! Is the server overloaded? Running 7365ms or 147 ticks behind
[12:50:39] [Server thread/WARN]: Can't keep up! Is the server overloaded? Running 6100ms or 122 ticks behind
[12:51:01] [Server thread/WARN]: Can't keep up! Is the server overloaded? Running 6913ms or 138 ticks behind
[12:51:23] [Server thread/WARN]: Can't keep up! Is the server overloaded? Running 6683ms or 133 ticks behind
[12:51:43] [Server thread/WARN]: Can't keep up! Is the server overloaded? Running 5584ms or 111 ticks behind
[12:52:04] [Server thread/WARN]: Can't keep up! Is the server overloaded? Running 6118ms or 122 ticks behind
[12:52:25] [Server thread/WARN]: Can't keep up! Is the server overloaded? Running 5597ms or 111 ticks behind
[12:52:45] [Server thread/WARN]: Can't keep up! Is the server overloaded? Running 5532ms or 110 ticks behind
[12:53:06] [Server thread/WARN]: Can't keep up! Is the server overloaded? Running 5729ms or 114 ticks behind
[12:53:28] [Server thread/WARN]: Can't keep up! Is the server overloaded? Running 6590ms or 131 ticks behind
[12:53:50] [Server thread/WARN]: Can't keep up! Is the server overloaded? Running 7450ms or 149 ticks behind
[12:54:12] [Server thread/WARN]: Can't keep up! Is the server overloaded? Running 6784ms or 135 ticks behind
[12:54:34] [Server thread/WARN]: Can't keep up! Is the server overloaded? Running 6950ms or 139 ticks behind
[12:54:55] [Server thread/WARN]: Can't keep up! Is the server overloaded? Running 6234ms or 124 ticks behind
[12:55:18] [Server thread/WARN]: Can't keep up! Is the server overloaded? Running 7540ms or 150 ticks behind
[12:55:40] [Server thread/WARN]: Can't keep up! Is the server overloaded? Running 7271ms or 145 ticks behind
[12:56:01] [Server thread/WARN]: Can't keep up! Is the server overloaded? Running 6644ms or 132 ticks behind
[12:56:22] [Server thread/WARN]: Can't keep up! Is the server overloaded? Running 5212ms or 104 ticks behind
[12:56:43] [Server thread/WARN]: Can't keep up! Is the server overloaded? Running 6585ms or 131 ticks behind
[12:57:05] [Server thread/WARN]: Can't keep up! Is the server overloaded? Running 6673ms or 133 ticks behind
[12:57:28] [Server thread/WARN]: Can't keep up! Is the server overloaded? Running 7885ms or 157 ticks behind
[12:57:50] [Server thread/WARN]: Can't keep up! Is the server overloaded? Running 7771ms or 155 ticks behind
[12:58:13] [Server thread/WARN]: Can't keep up! Is the server overloaded? Running 7668ms or 153 ticks behind
[12:58:36] [Server thread/WARN]: Can't keep up! Is the server overloaded? Running 8183ms or 163 ticks behind
[12:58:59] [Server thread/WARN]: Can't keep up! Is the server overloaded? Running 8292ms or 165 ticks behind
[12:59:23] [Server thread/WARN]: Can't keep up! Is the server overloaded? Running 8106ms or 162 ticks behind
[12:59:46] [Server thread/WARN]: Can't keep up! Is the server overloaded? Running 8820ms or 176 ticks behind
[13:00:11] [Server thread/WARN]: Can't keep up! Is the server overloaded? Running 9452ms or 189 ticks behind
[13:00:35] [Server thread/WARN]: Can't keep up! Is the server overloaded? Running 8902ms or 178 ticks behind
[13:01:00] [Server thread/WARN]: Can't keep up! Is the server overloaded? Running 10502ms or 210 ticks behind
[13:01:24] [Server thread/WARN]: Can't keep up! Is the server overloaded? Running 8683ms or 173 ticks behind
[13:01:47] [Server thread/WARN]: Can't keep up! Is the server overloaded? Running 8623ms or 172 ticks behind
[13:02:11] [Server thread/WARN]: Can't keep up! Is the server overloaded? Running 8264ms or 165 ticks behind
[13:02:34] [Server thread/WARN]: Can't keep up! Is the server overloaded? Running 8747ms or 174 ticks behind
[13:02:59] [Server thread/WARN]: Can't keep up! Is the server overloaded? Running 10031ms or 200 ticks behind
[13:03:24] [Server thread/WARN]: Can't keep up! Is the server overloaded? Running 9839ms or 196 ticks behind
[13:03:50] [Server thread/WARN]: Can't keep up! Is the server overloaded? Running 10537ms or 210 ticks behind
[13:04:14] [Server thread/WARN]: Can't keep up! Is the server overloaded? Running 9359ms or 187 ticks behind
[13:04:39] [Server thread/WARN]: Can't keep up! Is the server overloaded? Running 10233ms or 204 ticks behind
[13:05:03] [Server thread/WARN]: Can't keep up! Is the server overloaded? Running 9164ms or 183 ticks behind
[13:05:28] [Server thread/WARN]: Can't keep up! Is the server overloaded? Running 9728ms or 194 ticks behind
[13:05:52] [Server thread/WARN]: Can't keep up! Is the server overloaded? Running 9087ms or 181 ticks behind
[13:06:16] [Server thread/WARN]: Can't keep up! Is the server overloaded? Running 9244ms or 184 ticks behind
[13:06:42] [Server thread/WARN]: Can't keep up! Is the server overloaded? Running 10868ms or 217 ticks behind
[13:07:07] [Server thread/WARN]: Can't keep up! Is the server overloaded? Running 10319ms or 206 ticks behind
[13:07:32] [Server thread/WARN]: Can't keep up! Is the server overloaded? Running 9863ms or 197 ticks behind
[13:07:56] [Server thread/WARN]: Can't keep up! Is the server overloaded? Running 8195ms or 163 ticks behind
[13:08:20] [Server thread/WARN]: Can't keep up! Is the server overloaded? Running 9410ms or 188 ticks behind
[13:08:46] [Server thread/WARN]: Can't keep up! Is the server overloaded? Running 10812ms or 216 ticks behind
[13:09:11] [Server thread/WARN]: Can't keep up! Is the server overloaded? Running 10524ms or 210 ticks behind
[13:09:36] [Server thread/WARN]: Can't keep up! Is the server overloaded? Running 10300ms or 206 ticks behind
[13:10:02] [Server thread/WARN]: Can't keep up! Is the server overloaded? Running 10549ms or 210 ticks behind
[13:10:28] [Server thread/WARN]: Can't keep up! Is the server overloaded? Running 11019ms or 220 ticks behind
[13:10:52] [Server thread/WARN]: Can't keep up! Is the server overloaded? Running 9351ms or 187 ticks behind
[13:11:18] [Server thread/WARN]: Can't keep up! Is the server overloaded? Running 10272ms or 205 ticks behind
[13:11:42] [Server thread/WARN]: Can't keep up! Is the server overloaded? Running 9631ms or 192 ticks behind
[13:12:07] [Server thread/WARN]: Can't keep up! Is the server overloaded? Running 9718ms or 194 ticks behind
[13:12:32] [Server thread/WARN]: Can't keep up! Is the server overloaded? Running 10470ms or 209 ticks behind
[13:12:58] [Server thread/WARN]: Can't keep up! Is the server overloaded? Running 10803ms or 216 ticks behind
[13:13:24] [Server thread/WARN]: Can't keep up! Is the server overloaded? Running 10591ms or 211 ticks behind
[13:13:49] [Server thread/WARN]: Can't keep up! Is the server overloaded? Running 10658ms or 213 ticks behind
[13:14:16] [Server thread/WARN]: Can't keep up! Is the server overloaded? Running 11295ms or 225 ticks behind
[13:14:41] [Server thread/WARN]: Can't keep up! Is the server overloaded? Running 10318ms or 206 ticks behind
[13:15:06] [Server thread/WARN]: Can't keep up! Is the server overloaded? Running 9925ms or 198 ticks behind
[13:15:31] [Server thread/WARN]: Can't keep up! Is the server overloaded? Running 10373ms or 207 ticks behind
[13:15:56] [Server thread/WARN]: Can't keep up! Is the server overloaded? Running 9969ms or 199 ticks behind
[13:16:22] [Server thread/WARN]: Can't keep up! Is the server overloaded? Running 10432ms or 208 ticks behind
[13:16:46] [Server thread/WARN]: Can't keep up! Is the server overloaded? Running 9967ms or 199 ticks behind
[13:17:13] [Server thread/WARN]: Can't keep up! Is the server overloaded? Running 11452ms or 229 ticks behind
[13:17:38] [Server thread/WARN]: Can't keep up! Is the server overloaded? Running 10615ms or 212 ticks behind
[13:18:04] [Server thread/WARN]: Can't keep up! Is the server overloaded? Running 10276ms or 205 ticks behind
[13:18:29] [Server thread/WARN]: Can't keep up! Is the server overloaded? Running 10276ms or 205 ticks behind
[13:18:54] [Server thread/WARN]: Can't keep up! Is the server overloaded? Running 10449ms or 208 ticks behind
[13:19:21] [Server thread/WARN]: Can't keep up! Is the server overloaded? Running 11214ms or 224 ticks behind
[13:19:46] [Server thread/WARN]: Can't keep up! Is the server overloaded? Running 10193ms or 203 ticks behind
[13:20:11] [Server thread/WARN]: Can't keep up! Is the server overloaded? Running 10624ms or 212 ticks behind
[13:20:37] [Server thread/WARN]: Can't keep up! Is the server overloaded? Running 10707ms or 214 ticks behind
[13:21:03] [Server thread/WARN]: Can't keep up! Is the server overloaded? Running 10959ms or 219 ticks behind
[13:21:29] [Server thread/WARN]: Can't keep up! Is the server overloaded? Running 10827ms or 216 ticks behind
[13:21:54] [Server thread/WARN]: Can't keep up! Is the server overloaded? Running 9993ms or 199 ticks behind
[13:22:19] [Server thread/WARN]: Can't keep up! Is the server overloaded? Running 10687ms or 213 ticks behind
[13:22:44] [Server thread/WARN]: Can't keep up! Is the server overloaded? Running 9609ms or 192 ticks behind
[13:23:08] [Server thread/WARN]: Can't keep up! Is the server overloaded? Running 9344ms or 186 ticks behind
[13:23:34] [Server thread/WARN]: Can't keep up! Is the server overloaded? Running 10938ms or 218 ticks behind
[13:23:59] [Server thread/WARN]: Can't keep up! Is the server overloaded? Running 9824ms or 196 ticks behind
[13:24:25] [Server thread/WARN]: Can't keep up! Is the server overloaded? Running 10851ms or 217 ticks behind
[13:24:50] [Server thread/WARN]: Can't keep up! Is the server overloaded? Running 10285ms or 205 ticks behind
[13:25:16] [Server thread/WARN]: Can't keep up! Is the server overloaded? Running 10567ms or 211 ticks behind
[13:25:41] [Server thread/WARN]: Can't keep up! Is the server overloaded? Running 10810ms or 216 ticks behind
[13:26:06] [Server thread/WARN]: Can't keep up! Is the server overloaded? Running 9726ms or 194 ticks behind
[13:26:31] [Server thread/WARN]: Can't keep up! Is the server overloaded? Running 10272ms or 205 ticks behind
[13:26:56] [Server thread/WARN]: Can't keep up! Is the server overloaded? Running 9983ms or 199 ticks behind
[13:27:22] [Server thread/WARN]: Can't keep up! Is the server overloaded? Running 10761ms or 215 ticks behind
[13:27:47] [Server thread/WARN]: Can't keep up! Is the server overloaded? Running 10265ms or 205 ticks behind
[13:28:13] [Server thread/WARN]: Can't keep up! Is the server overloaded? Running 10285ms or 205 ticks behind
[13:28:38] [Server thread/WARN]: Can't keep up! Is the server overloaded? Running 10052ms or 201 ticks behind
[13:29:03] [Server thread/WARN]: Can't keep up! Is the server overloaded? Running 10589ms or 211 ticks behind
[13:29:28] [Server thread/WARN]: Can't keep up! Is the server overloaded? Running 10131ms or 202 ticks behind
[13:29:54] [Server thread/WARN]: Can't keep up! Is the server overloaded? Running 10788ms or 215 ticks behind
[13:30:19] [Server thread/WARN]: Can't keep up! Is the server overloaded? Running 9833ms or 196 ticks behind
[13:30:44] [Server thread/WARN]: Can't keep up! Is the server overloaded? Running 10220ms or 204 ticks behind
[13:31:09] [Server thread/WARN]: Can't keep up! Is the server overloaded? Running 10130ms or 202 ticks behind
[13:31:35] [Server thread/WARN]: Can't keep up! Is the server overloaded? Running 10598ms or 211 ticks behind
[13:32:00] [Server thread/WARN]: Can't keep up! Is the server overloaded? Running 10306ms or 206 ticks behind
[13:32:26] [Server thread/WARN]: Can't keep up! Is the server overloaded? Running 10786ms or 215 ticks behind
[13:32:51] [Server thread/WARN]: Can't keep up! Is the server overloaded? Running 10320ms or 206 ticks behind
[13:33:16] [Server thread/WARN]: Can't keep up! Is the server overloaded? Running 10419ms or 208 ticks behind
[13:33:42] [Server thread/WARN]: Can't keep up! Is the server overloaded? Running 10457ms or 209 ticks behind
[13:34:07] [Server thread/WARN]: Can't keep up! Is the server overloaded? Running 9791ms or 195 ticks behind
[13:34:31] [Server thread/WARN]: Can't keep up! Is the server overloaded? Running 9006ms or 180 ticks behind
[13:34:56] [Server thread/WARN]: Can't keep up! Is the server overloaded? Running 10507ms or 210 ticks behind
[13:35:22] [Server thread/WARN]: Can't keep up! Is the server overloaded? Running 11099ms or 221 ticks behind
[13:35:47] [Server thread/WARN]: Can't keep up! Is the server overloaded? Running 10308ms or 206 ticks behind
[13:36:12] [Server thread/WARN]: Can't keep up! Is the server overloaded? Running 9400ms or 188 ticks behind
[13:36:37] [Server thread/WARN]: Can't keep up! Is the server overloaded? Running 9944ms or 198 ticks behind
[13:37:02] [Server thread/WARN]: Can't keep up! Is the server overloaded? Running 9892ms or 197 ticks behind
[13:37:27] [Server thread/WARN]: Can't keep up! Is the server overloaded? Running 10422ms or 208 ticks behind
[13:37:53] [Server thread/WARN]: Can't keep up! Is the server overloaded? Running 10513ms or 210 ticks behind
[13:38:18] [Server thread/WARN]: Can't keep up! Is the server overloaded? Running 10052ms or 201 ticks behind
[13:38:44] [Server thread/WARN]: Can't keep up! Is the server overloaded? Running 11211ms or 224 ticks behind
[13:39:10] [Server thread/WARN]: Can't keep up! Is the server overloaded? Running 10831ms or 216 ticks behind
[13:39:35] [Server thread/WARN]: Can't keep up! Is the server overloaded? Running 10567ms or 211 ticks behind
[13:40:01] [Server thread/WARN]: Can't keep up! Is the server overloaded? Running 11045ms or 220 ticks behind
[13:40:28] [Server thread/WARN]: Can't keep up! Is the server overloaded? Running 11996ms or 239 ticks behind
[13:40:57] [Server thread/WARN]: Can't keep up! Is the server overloaded? Running 14176ms or 283 ticks behind
[13:41:23] [Server thread/WARN]: Can't keep up! Is the server overloaded? Running 11028ms or 220 ticks behind
[13:41:48] [Server thread/WARN]: Can't keep up! Is the server overloaded? Running 9419ms or 188 ticks behind
[13:42:11] [Server thread/WARN]: Can't keep up! Is the server overloaded? Running 8642ms or 172 ticks behind
[13:42:35] [Server thread/WARN]: Can't keep up! Is the server overloaded? Running 8578ms or 171 ticks behind
[13:42:59] [Server thread/WARN]: Can't keep up! Is the server overloaded? Running 8771ms or 175 ticks behind
[13:43:22] [Server thread/WARN]: Can't keep up! Is the server overloaded? Running 8519ms or 170 ticks behind
[13:43:46] [Server thread/WARN]: Can't keep up! Is the server overloaded? Running 9368ms or 187 ticks behind
[13:44:11] [Server thread/WARN]: Can't keep up! Is the server overloaded? Running 9493ms or 189 ticks behind
[13:44:35] [Server thread/WARN]: Can't keep up! Is the server overloaded? Running 9240ms or 184 ticks behind
[13:44:59] [Server thread/WARN]: Can't keep up! Is the server overloaded? Running 8789ms or 175 ticks behind
[13:45:23] [Server thread/WARN]: Can't keep up! Is the server overloaded? Running 9192ms or 183 ticks behind
[13:45:47] [Server thread/WARN]: Can't keep up! Is the server overloaded? Running 9224ms or 184 ticks behind
[13:46:11] [Server thread/WARN]: Can't keep up! Is the server overloaded? Running 8859ms or 177 ticks behind
[13:46:35] [Server thread/WARN]: Can't keep up! Is the server overloaded? Running 8944ms or 178 ticks behind
[13:46:59] [Server thread/WARN]: Can't keep up! Is the server overloaded? Running 8853ms or 177 ticks behind
[13:47:23] [Server thread/WARN]: Can't keep up! Is the server overloaded? Running 8970ms or 179 ticks behind
[13:47:47] [Server thread/WARN]: Can't keep up! Is the server overloaded? Running 8912ms or 178 ticks behind
[13:48:10] [Server thread/WARN]: Can't keep up! Is the server overloaded? Running 8625ms or 172 ticks behind
[13:48:35] [Server thread/WARN]: Can't keep up! Is the server overloaded? Running 10174ms or 203 ticks behind
[13:49:00] [Server thread/WARN]: Can't keep up! Is the server overloaded? Running 10026ms or 200 ticks behind
[13:49:25] [Server thread/WARN]: Can't keep up! Is the server overloaded? Running 9743ms or 194 ticks behind
[13:49:50] [Server thread/WARN]: Can't keep up! Is the server overloaded? Running 9722ms or 194 ticks behind
[13:50:14] [Server thread/WARN]: Can't keep up! Is the server overloaded? Running 9731ms or 194 ticks behind
[13:50:39] [Server thread/WARN]: Can't keep up! Is the server overloaded? Running 10017ms or 200 ticks behind
[13:51:05] [Server thread/WARN]: Can't keep up! Is the server overloaded? Running 10660ms or 213 ticks behind
[13:51:31] [Server thread/WARN]: Can't keep up! Is the server overloaded? Running 10516ms or 210 ticks behind
[13:51:55] [Server thread/WARN]: Can't keep up! Is the server overloaded? Running 9540ms or 190 ticks behind
[13:52:20] [Server thread/WARN]: Can't keep up! Is the server overloaded? Running 9470ms or 189 ticks behind
[13:52:44] [Server thread/WARN]: Can't keep up! Is the server overloaded? Running 9131ms or 182 ticks behind
[13:53:08] [Server thread/WARN]: Can't keep up! Is the server overloaded? Running 9310ms or 186 ticks behind
[13:53:32] [Server thread/WARN]: Can't keep up! Is the server overloaded? Running 9053ms or 181 ticks behind
[13:53:56] [Server thread/WARN]: Can't keep up! Is the server overloaded? Running 9223ms or 184 ticks behind
[13:54:20] [Server thread/WARN]: Can't keep up! Is the server overloaded? Running 8808ms or 176 ticks behind
[13:54:44] [Server thread/WARN]: Can't keep up! Is the server overloaded? Running 9112ms or 182 ticks behind
[13:55:08] [Server thread/WARN]: Can't keep up! Is the server overloaded? Running 8628ms or 172 ticks behind
[13:55:32] [Server thread/WARN]: Can't keep up! Is the server overloaded? Running 9748ms or 194 ticks behind
[13:55:57] [Server thread/WARN]: Can't keep up! Is the server overloaded? Running 9556ms or 191 ticks behind
[13:56:22] [Server thread/WARN]: Can't keep up! Is the server overloaded? Running 9610ms or 192 ticks behind
[13:56:46] [Server thread/WARN]: Can't keep up! Is the server overloaded? Running 9237ms or 184 ticks behind
[13:57:10] [Server thread/WARN]: Can't keep up! Is the server overloaded? Running 9161ms or 183 ticks behind
[13:57:34] [Server thread/WARN]: Can't keep up! Is the server overloaded? Running 8698ms or 173 ticks behind
[13:57:57] [Server thread/WARN]: Can't keep up! Is the server overloaded? Running 8954ms or 179 ticks behind
[13:58:21] [Server thread/WARN]: Can't keep up! Is the server overloaded? Running 8921ms or 178 ticks behind
[13:58:45] [Server thread/WARN]: Can't keep up! Is the server overloaded? Running 8564ms or 171 ticks behind
[13:59:09] [Server thread/WARN]: Can't keep up! Is the server overloaded? Running 8685ms or 173 ticks behind
[13:59:32] [Server thread/WARN]: Can't keep up! Is the server overloaded? Running 8157ms or 163 ticks behind
[13:59:55] [Server thread/WARN]: Can't keep up! Is the server overloaded? Running 8236ms or 164 ticks behind
[14:00:18] [Server thread/WARN]: Can't keep up! Is the server overloaded? Running 7602ms or 152 ticks behind
[14:00:41] [Server thread/WARN]: Can't keep up! Is the server overloaded? Running 8759ms or 175 ticks behind
[14:01:05] [Server thread/WARN]: Can't keep up! Is the server overloaded? Running 8392ms or 167 ticks behind
[14:01:28] [Server thread/WARN]: Can't keep up! Is the server overloaded? Running 8116ms or 162 ticks behind
[14:01:51] [Server thread/WARN]: Can't keep up! Is the server overloaded? Running 8556ms or 171 ticks behind
[14:02:14] [Server thread/WARN]: Can't keep up! Is the server overloaded? Running 7519ms or 150 ticks behind
[14:02:37] [Server thread/WARN]: Can't keep up! Is the server overloaded? Running 8372ms or 167 ticks behind
[14:03:01] [Server thread/WARN]: Can't keep up! Is the server overloaded? Running 8460ms or 169 ticks behind
[14:03:24] [Server thread/WARN]: Can't keep up! Is the server overloaded? Running 8896ms or 177 ticks behind
[14:03:48] [Server thread/WARN]: Can't keep up! Is the server overloaded? Running 8531ms or 170 ticks behind
[14:04:12] [Server thread/WARN]: Can't keep up! Is the server overloaded? Running 8960ms or 179 ticks behind
[14:04:35] [Server thread/WARN]: Can't keep up! Is the server overloaded? Running 8310ms or 166 ticks behind
[14:04:59] [Server thread/WARN]: Can't keep up! Is the server overloaded? Running 8775ms or 175 ticks behind
[14:05:23] [Server thread/WARN]: Can't keep up! Is the server overloaded? Running 8701ms or 174 ticks behind
[14:05:46] [Server thread/WARN]: Can't keep up! Is the server overloaded? Running 8363ms or 167 ticks behind
[14:06:09] [Server thread/WARN]: Can't keep up! Is the server overloaded? Running 8209ms or 164 ticks behind
[14:06:33] [Server thread/WARN]: Can't keep up! Is the server overloaded? Running 8553ms or 171 ticks behind
[14:06:56] [Server thread/WARN]: Can't keep up! Is the server overloaded? Running 8647ms or 172 ticks behind
[14:07:20] [Server thread/WARN]: Can't keep up! Is the server overloaded? Running 8783ms or 175 ticks behind
[14:07:44] [Server thread/WARN]: Can't keep up! Is the server overloaded? Running 9230ms or 184 ticks behind
[14:08:08] [Server thread/WARN]: Can't keep up! Is the server overloaded? Running 8717ms or 174 ticks behind
[14:08:32] [Server thread/WARN]: Can't keep up! Is the server overloaded? Running 8996ms or 179 ticks behind
[14:08:56] [Server thread/WARN]: Can't keep up! Is the server overloaded? Running 8834ms or 176 ticks behind
[14:09:20] [Server thread/WARN]: Can't keep up! Is the server overloaded? Running 8999ms or 179 ticks behind
[14:09:44] [Server thread/WARN]: Can't keep up! Is the server overloaded? Running 9149ms or 182 ticks behind
[14:10:09] [Server thread/WARN]: Can't keep up! Is the server overloaded? Running 10059ms or 201 ticks behind
[14:10:34] [Server thread/WARN]: Can't keep up! Is the server overloaded? Running 9865ms or 197 ticks behind
[14:10:58] [Server thread/WARN]: Can't keep up! Is the server overloaded? Running 9060ms or 181 ticks behind
[14:11:22] [Server thread/WARN]: Can't keep up! Is the server overloaded? Running 9190ms or 183 ticks behind
[14:11:47] [Server thread/WARN]: Can't keep up! Is the server overloaded? Running 9665ms or 193 ticks behind
[14:12:11] [Server thread/WARN]: Can't keep up! Is the server overloaded? Running 9528ms or 190 ticks behind
[14:12:36] [Server thread/WARN]: Can't keep up! Is the server overloaded? Running 9646ms or 192 ticks behind
[14:13:00] [Server thread/WARN]: Can't keep up! Is the server overloaded? Running 9611ms or 192 ticks behind
[14:13:26] [Server thread/WARN]: Can't keep up! Is the server overloaded? Running 10614ms or 212 ticks behind
[14:13:51] [Server thread/WARN]: Can't keep up! Is the server overloaded? Running 10250ms or 205 ticks behind
[14:14:17] [Server thread/WARN]: Can't keep up! Is the server overloaded? Running 10548ms or 210 ticks behind
[14:14:42] [Server thread/WARN]: Can't keep up! Is the server overloaded? Running 10553ms or 211 ticks behind
[14:15:07] [Server thread/WARN]: Can't keep up! Is the server overloaded? Running 9965ms or 199 ticks behind
[14:15:32] [Server thread/WARN]: Can't keep up! Is the server overloaded? Running 9830ms or 196 ticks behind
[14:15:56] [Server thread/WARN]: Can't keep up! Is the server overloaded? Running 9435ms or 188 ticks behind
[14:16:21] [Server thread/WARN]: Can't keep up! Is the server overloaded? Running 9971ms or 199 ticks behind
[14:16:46] [Server thread/WARN]: Can't keep up! Is the server overloaded? Running 9359ms or 187 ticks behind
[14:17:10] [Server thread/WARN]: Can't keep up! Is the server overloaded? Running 9469ms or 189 ticks behind
[14:17:35] [Server thread/WARN]: Can't keep up! Is the server overloaded? Running 9779ms or 195 ticks behind
[14:18:00] [Server thread/WARN]: Can't keep up! Is the server overloaded? Running 9822ms or 196 ticks behind
[14:18:25] [Server thread/WARN]: Can't keep up! Is the server overloaded? Running 10053ms or 201 ticks behind
[14:18:49] [Server thread/WARN]: Can't keep up! Is the server overloaded? Running 9652ms or 193 ticks behind
[14:19:15] [Server thread/WARN]: Can't keep up! Is the server overloaded? Running 10736ms or 214 ticks behind
[14:19:40] [Server thread/WARN]: Can't keep up! Is the server overloaded? Running 10524ms or 210 ticks behind
[14:20:06] [Server thread/WARN]: Can't keep up! Is the server overloaded? Running 10243ms or 204 ticks behind
[14:20:31] [Server thread/WARN]: Can't keep up! Is the server overloaded? Running 10229ms or 204 ticks behind
[14:20:56] [Server thread/WARN]: Can't keep up! Is the server overloaded? Running 9905ms or 198 ticks behind
[14:21:22] [Server thread/WARN]: Can't keep up! Is the server overloaded? Running 10798ms or 215 ticks behind
[14:21:47] [Server thread/WARN]: Can't keep up! Is the server overloaded? Running 10698ms or 213 ticks behind
[14:22:12] [Server thread/WARN]: Can't keep up! Is the server overloaded? Running 10132ms or 202 ticks behind
[14:22:38] [Server thread/WARN]: Can't keep up! Is the server overloaded? Running 11192ms or 223 ticks behind
[14:23:04] [Server thread/WARN]: Can't keep up! Is the server overloaded? Running 10087ms or 201 ticks behind
[14:23:29] [Server thread/WARN]: Can't keep up! Is the server overloaded? Running 10931ms or 218 ticks behind
[14:23:55] [Server thread/WARN]: Can't keep up! Is the server overloaded? Running 10856ms or 217 ticks behind
[14:24:21] [Server thread/WARN]: Can't keep up! Is the server overloaded? Running 10808ms or 216 ticks behind
[14:24:47] [Server thread/WARN]: Can't keep up! Is the server overloaded? Running 11237ms or 224 ticks behind
[14:25:12] [Server thread/WARN]: Can't keep up! Is the server overloaded? Running 9861ms or 197 ticks behind
[14:25:38] [Server thread/WARN]: Can't keep up! Is the server overloaded? Running 10993ms or 219 ticks behind
[14:26:04] [Server thread/WARN]: Can't keep up! Is the server overloaded? Running 11229ms or 224 ticks behind
[14:26:31] [Server thread/WARN]: Can't keep up! Is the server overloaded? Running 11413ms or 228 ticks behind
[14:26:56] [Server thread/WARN]: Can't keep up! Is the server overloaded? Running 10667ms or 213 ticks behind
[14:27:22] [Server thread/WARN]: Can't keep up! Is the server overloaded? Running 11216ms or 224 ticks behind
[14:27:49] [Server thread/WARN]: Can't keep up! Is the server overloaded? Running 11378ms or 227 ticks behind
[14:28:16] [Server thread/WARN]: Can't keep up! Is the server overloaded? Running 11905ms or 238 ticks behind
[14:28:42] [Server thread/WARN]: Can't keep up! Is the server overloaded? Running 11030ms or 220 ticks behind
[14:29:08] [Server thread/WARN]: Can't keep up! Is the server overloaded? Running 11649ms or 232 ticks behind
[14:29:35] [Server thread/WARN]: Can't keep up! Is the server overloaded? Running 11871ms or 237 ticks behind
[14:30:02] [Server thread/WARN]: Can't keep up! Is the server overloaded? Running 11368ms or 227 ticks behind
[14:30:28] [Server thread/WARN]: Can't keep up! Is the server overloaded? Running 11428ms or 228 ticks behind
[14:30:54] [Server thread/WARN]: Can't keep up! Is the server overloaded? Running 11263ms or 225 ticks behind
[14:31:20] [Server thread/WARN]: Can't keep up! Is the server overloaded? Running 11259ms or 225 ticks behind
[14:31:47] [Server thread/WARN]: Can't keep up! Is the server overloaded? Running 11439ms or 228 ticks behind
[14:32:13] [Server thread/WARN]: Can't keep up! Is the server overloaded? Running 11205ms or 224 ticks behind
[14:32:40] [Server thread/WARN]: Can't keep up! Is the server overloaded? Running 11781ms or 235 ticks behind
[14:33:07] [Server thread/WARN]: Can't keep up! Is the server overloaded? Running 11990ms or 239 ticks behind
[14:33:33] [Server thread/WARN]: Can't keep up! Is the server overloaded? Running 11752ms or 235 ticks behind
[14:34:01] [Server thread/WARN]: Can't keep up! Is the server overloaded? Running 12289ms or 245 ticks behind
[14:34:28] [Server thread/WARN]: Can't keep up! Is the server overloaded? Running 12734ms or 254 ticks behind
[14:34:56] [Server thread/WARN]: Can't keep up! Is the server overloaded? Running 12716ms or 254 ticks behind
[14:35:24] [Server thread/WARN]: Can't keep up! Is the server overloaded? Running 12738ms or 254 ticks behind
[14:35:51] [Server thread/WARN]: Can't keep up! Is the server overloaded? Running 12449ms or 248 ticks behind
[14:36:19] [Server thread/WARN]: Can't keep up! Is the server overloaded? Running 12419ms or 248 ticks behind
[14:36:46] [Server thread/WARN]: Can't keep up! Is the server overloaded? Running 12019ms or 240 ticks behind
[14:37:12] [Server thread/WARN]: Can't keep up! Is the server overloaded? Running 11774ms or 235 ticks behind
[14:37:40] [Server thread/WARN]: Can't keep up! Is the server overloaded? Running 12726ms or 254 ticks behind
[14:38:08] [Server thread/WARN]: Can't keep up! Is the server overloaded? Running 12736ms or 254 ticks behind
[14:38:37] [Server thread/WARN]: Can't keep up! Is the server overloaded? Running 13825ms or 276 ticks behind
[14:39:05] [Server thread/WARN]: Can't keep up! Is the server overloaded? Running 13082ms or 261 ticks behind
[14:39:33] [Server thread/WARN]: Can't keep up! Is the server overloaded? Running 13815ms or 276 ticks behind
[14:40:01] [Server thread/WARN]: Can't keep up! Is the server overloaded? Running 13057ms or 261 ticks behind
[14:40:29] [Server thread/WARN]: Can't keep up! Is the server overloaded? Running 12661ms or 253 ticks behind
[14:40:58] [Server thread/WARN]: Can't keep up! Is the server overloaded? Running 13579ms or 271 ticks behind
[14:41:26] [Server thread/WARN]: Can't keep up! Is the server overloaded? Running 13561ms or 271 ticks behind
[14:41:55] [Server thread/WARN]: Can't keep up! Is the server overloaded? Running 13613ms or 272 ticks behind
[14:42:23] [Server thread/WARN]: Can't keep up! Is the server overloaded? Running 12798ms or 255 ticks behind
[14:42:50] [Server thread/WARN]: Can't keep up! Is the server overloaded? Running 12375ms or 247 ticks behind
[14:43:19] [Server thread/WARN]: Can't keep up! Is the server overloaded? Running 13611ms or 272 ticks behind
[14:43:47] [Server thread/WARN]: Can't keep up! Is the server overloaded? Running 13096ms or 261 ticks behind
[14:44:15] [Server thread/WARN]: Can't keep up! Is the server overloaded? Running 13117ms or 262 ticks behind
[14:44:42] [Server thread/WARN]: Can't keep up! Is the server overloaded? Running 12306ms or 246 ticks behind
[14:45:09] [Server thread/WARN]: Can't keep up! Is the server overloaded? Running 12273ms or 245 ticks behind
[14:45:36] [Server thread/WARN]: Can't keep up! Is the server overloaded? Running 12072ms or 241 ticks behind
[14:46:03] [Server thread/WARN]: Can't keep up! Is the server overloaded? Running 11852ms or 237 ticks behind
[14:46:31] [Server thread/WARN]: Can't keep up! Is the server overloaded? Running 12944ms or 258 ticks behind
[14:46:59] [Server thread/WARN]: Can't keep up! Is the server overloaded? Running 13004ms or 260 ticks behind
[14:47:26] [Server thread/WARN]: Can't keep up! Is the server overloaded? Running 12152ms or 243 ticks behind
[14:47:53] [Server thread/WARN]: Can't keep up! Is the server overloaded? Running 11864ms or 237 ticks behind
[14:48:20] [Server thread/WARN]: Can't keep up! Is the server overloaded? Running 11747ms or 234 ticks behind
[14:48:47] [Server thread/WARN]: Can't keep up! Is the server overloaded? Running 12716ms or 254 ticks behind
[14:49:15] [Server thread/WARN]: Can't keep up! Is the server overloaded? Running 12624ms or 252 ticks behind
[14:49:42] [Server thread/WARN]: Can't keep up! Is the server overloaded? Running 12274ms or 245 ticks behind
[14:50:10] [Server thread/WARN]: Can't keep up! Is the server overloaded? Running 13102ms or 262 ticks behind
[14:50:39] [Server thread/WARN]: Can't keep up! Is the server overloaded? Running 13627ms or 272 ticks behind
[14:51:07] [Server thread/WARN]: Can't keep up! Is the server overloaded? Running 13472ms or 269 ticks behind
[14:51:36] [Server thread/WARN]: Can't keep up! Is the server overloaded? Running 13840ms or 276 ticks behind
[14:52:05] [Server thread/WARN]: Can't keep up! Is the server overloaded? Running 13564ms or 271 ticks behind
[14:52:33] [Server thread/WARN]: Can't keep up! Is the server overloaded? Running 13466ms or 269 ticks behind
[14:53:01] [Server thread/WARN]: Can't keep up! Is the server overloaded? Running 13218ms or 264 ticks behind
[14:53:30] [Server thread/WARN]: Can't keep up! Is the server overloaded? Running 13387ms or 267 ticks behind
[14:53:59] [Server thread/WARN]: Can't keep up! Is the server overloaded? Running 14581ms or 291 ticks behind
[14:54:29] [Server thread/WARN]: Can't keep up! Is the server overloaded? Running 14485ms or 289 ticks behind
[14:54:59] [Server thread/WARN]: Can't keep up! Is the server overloaded? Running 14828ms or 296 ticks behind
[14:55:28] [Server thread/WARN]: Can't keep up! Is the server overloaded? Running 14817ms or 296 ticks behind
[14:55:59] [Server thread/WARN]: Can't keep up! Is the server overloaded? Running 15692ms or 313 ticks behind
[14:56:30] [Server thread/WARN]: Can't keep up! Is the server overloaded? Running 16174ms or 323 ticks behind
[14:57:00] [Server thread/WARN]: Can't keep up! Is the server overloaded? Running 15175ms or 303 ticks behind
[14:57:31] [Server thread/WARN]: Can't keep up! Is the server overloaded? Running 15620ms or 312 ticks behind
[14:58:00] [Server thread/WARN]: Can't keep up! Is the server overloaded? Running 14243ms or 284 ticks behind
[14:58:29] [Server thread/WARN]: Can't keep up! Is the server overloaded? Running 13517ms or 270 ticks behind
[14:58:57] [Server thread/WARN]: Can't keep up! Is the server overloaded? Running 13309ms or 266 ticks behind
[14:59:25] [Server thread/WARN]: Can't keep up! Is the server overloaded? Running 13326ms or 266 ticks behind
[14:59:54] [Server thread/WARN]: Can't keep up! Is the server overloaded? Running 13501ms or 270 ticks behind
[15:00:23] [Server thread/WARN]: Can't keep up! Is the server overloaded? Running 14065ms or 281 ticks behind
[15:00:51] [Server thread/WARN]: Can't keep up! Is the server overloaded? Running 13313ms or 266 ticks behind
[15:01:19] [Server thread/WARN]: Can't keep up! Is the server overloaded? Running 13056ms or 261 ticks behind
[15:01:46] [Server thread/WARN]: Can't keep up! Is the server overloaded? Running 12192ms or 243 ticks behind
[15:02:13] [Server thread/WARN]: Can't keep up! Is the server overloaded? Running 11874ms or 237 ticks behind
[15:02:41] [Server thread/WARN]: Can't keep up! Is the server overloaded? Running 12562ms or 251 ticks behind
[15:03:08] [Server thread/WARN]: Can't keep up! Is the server overloaded? Running 12215ms or 244 ticks behind
[15:03:35] [Server thread/WARN]: Can't keep up! Is the server overloaded? Running 11743ms or 234 ticks behind
[15:04:01] [Server thread/WARN]: Can't keep up! Is the server overloaded? Running 11522ms or 230 ticks behind
[15:04:27] [Server thread/WARN]: Can't keep up! Is the server overloaded? Running 11329ms or 226 ticks behind
[15:04:54] [Server thread/WARN]: Can't keep up! Is the server overloaded? Running 11145ms or 222 ticks behind
[15:05:19] [Server thread/WARN]: Can't keep up! Is the server overloaded? Running 10753ms or 215 ticks behind
[15:05:43] [Server thread/WARN]: Can't keep up! Is the server overloaded? Running 9150ms or 183 ticks behind
[15:06:08] [Server thread/WARN]: Can't keep up! Is the server overloaded? Running 9668ms or 193 ticks behind
[15:06:32] [Server thread/WARN]: Can't keep up! Is the server overloaded? Running 9277ms or 185 ticks behind
[15:06:56] [Server thread/WARN]: Can't keep up! Is the server overloaded? Running 8359ms or 167 ticks behind
[15:07:19] [Server thread/WARN]: Can't keep up! Is the server overloaded? Running 8459ms or 169 ticks behind
[15:07:42] [Server thread/WARN]: Can't keep up! Is the server overloaded? Running 8042ms or 160 ticks behind
[15:08:06] [Server thread/WARN]: Can't keep up! Is the server overloaded? Running 8448ms or 168 ticks behind
[15:08:29] [Server thread/WARN]: Can't keep up! Is the server overloaded? Running 8071ms or 161 ticks behind
[15:08:53] [Server thread/WARN]: Can't keep up! Is the server overloaded? Running 9248ms or 184 ticks behind
[15:09:17] [Server thread/WARN]: Can't keep up! Is the server overloaded? Running 9299ms or 185 ticks behind
[15:09:41] [Server thread/WARN]: Can't keep up! Is the server overloaded? Running 9268ms or 185 ticks behind
[15:10:05] [Server thread/WARN]: Can't keep up! Is the server overloaded? Running 8805ms or 176 ticks behind
[15:10:29] [Server thread/WARN]: Can't keep up! Is the server overloaded? Running 8901ms or 178 ticks behind
[15:10:53] [Server thread/WARN]: Can't keep up! Is the server overloaded? Running 9298ms or 185 ticks behind
[15:11:17] [Server thread/WARN]: Can't keep up! Is the server overloaded? Running 9311ms or 186 ticks behind
[15:11:42] [Server thread/WARN]: Can't keep up! Is the server overloaded? Running 9684ms or 193 ticks behind
[15:12:07] [Server thread/WARN]: Can't keep up! Is the server overloaded? Running 9802ms or 196 ticks behind
[15:12:31] [Server thread/WARN]: Can't keep up! Is the server overloaded? Running 9471ms or 189 ticks behind
[15:12:56] [Server thread/WARN]: Can't keep up! Is the server overloaded? Running 9817ms or 196 ticks behind
[15:13:21] [Server thread/WARN]: Can't keep up! Is the server overloaded? Running 9787ms or 195 ticks behind
[15:13:46] [Server thread/WARN]: Can't keep up! Is the server overloaded? Running 9656ms or 193 ticks behind
[15:14:11] [Server thread/WARN]: Can't keep up! Is the server overloaded? Running 10158ms or 203 ticks behind
[15:14:35] [Server thread/WARN]: Can't keep up! Is the server overloaded? Running 9377ms or 187 ticks behind
[15:15:00] [Server thread/WARN]: Can't keep up! Is the server overloaded? Running 10267ms or 205 ticks behind
[15:15:25] [Server thread/WARN]: Can't keep up! Is the server overloaded? Running 10067ms or 201 ticks behind
[15:15:50] [Server thread/WARN]: Can't keep up! Is the server overloaded? Running 10000ms or 200 ticks behind
[15:16:15] [Server thread/WARN]: Can't keep up! Is the server overloaded? Running 9871ms or 197 ticks behind
[15:16:41] [Server thread/WARN]: Can't keep up! Is the server overloaded? Running 10585ms or 211 ticks behind
[15:17:06] [Server thread/WARN]: Can't keep up! Is the server overloaded? Running 10651ms or 213 ticks behind
[15:17:31] [Server thread/WARN]: Can't keep up! Is the server overloaded? Running 10036ms or 200 ticks behind
[15:17:57] [Server thread/WARN]: Can't keep up! Is the server overloaded? Running 10564ms or 211 ticks behind
[15:18:23] [Server thread/WARN]: Can't keep up! Is the server overloaded? Running 10892ms or 217 ticks behind
[15:18:49] [Server thread/WARN]: Can't keep up! Is the server overloaded? Running 11428ms or 228 ticks behind
[15:19:15] [Server thread/WARN]: Can't keep up! Is the server overloaded? Running 11008ms or 220 ticks behind
[15:19:42] [Server thread/WARN]: Can't keep up! Is the server overloaded? Running 11362ms or 227 ticks behind
[15:20:07] [Server thread/WARN]: Can't keep up! Is the server overloaded? Running 10475ms or 209 ticks behind
[15:20:33] [Server thread/WARN]: Can't keep up! Is the server overloaded? Running 10670ms or 213 ticks behind
[15:20:59] [Server thread/WARN]: Can't keep up! Is the server overloaded? Running 11073ms or 221 ticks behind
[15:21:25] [Server thread/WARN]: Can't keep up! Is the server overloaded? Running 11462ms or 229 ticks behind
[15:21:51] [Server thread/WARN]: Can't keep up! Is the server overloaded? Running 11182ms or 223 ticks behind
[15:22:18] [Server thread/WARN]: Can't keep up! Is the server overloaded? Running 11861ms or 237 ticks behind
[15:22:48] [Server thread/WARN]: Can't keep up! Is the server overloaded? Running 14358ms or 287 ticks behind
[15:23:17] [Server thread/WARN]: Can't keep up! Is the server overloaded? Running 14421ms or 288 ticks behind
[15:23:48] [Server thread/WARN]: Can't keep up! Is the server overloaded? Running 15824ms or 316 ticks behind
[15:24:17] [Server thread/WARN]: Can't keep up! Is the server overloaded? Running 14556ms or 291 ticks behind
[15:24:48] [Server thread/WARN]: Can't keep up! Is the server overloaded? Running 16061ms or 321 ticks behind
[15:25:19] [Server thread/WARN]: Can't keep up! Is the server overloaded? Running 15310ms or 306 ticks behind
[15:25:48] [Server thread/WARN]: Can't keep up! Is the server overloaded? Running 14707ms or 294 ticks behind
[15:26:18] [Server thread/WARN]: Can't keep up! Is the server overloaded? Running 14558ms or 291 ticks behind
[15:26:47] [Server thread/WARN]: Can't keep up! Is the server overloaded? Running 14350ms or 287 ticks behind
[15:27:15] [Server thread/WARN]: Can't keep up! Is the server overloaded? Running 12424ms or 248 ticks behind
[15:27:42] [Server thread/WARN]: Can't keep up! Is the server overloaded? Running 11935ms or 238 ticks behind
[15:28:08] [Server thread/WARN]: Can't keep up! Is the server overloaded? Running 11534ms or 230 ticks behind
[15:28:34] [Server thread/WARN]: Can't keep up! Is the server overloaded? Running 10876ms or 217 ticks behind
[15:28:59] [Server thread/WARN]: Can't keep up! Is the server overloaded? Running 10202ms or 204 ticks behind
[15:29:21] [Server thread/WARN]: Can't keep up! Is the server overloaded? Running 7416ms or 148 ticks behind
[15:29:42] [Server thread/WARN]: Can't keep up! Is the server overloaded? Running 5109ms or 102 ticks behind
[15:29:59] [Server thread/WARN]: Can't keep up! Is the server overloaded? Running 2425ms or 48 ticks behind
[15:30:20] [Server thread/WARN]: Can't keep up! Is the server overloaded? Running 2003ms or 40 ticks behind
[15:38:15] [Server thread/INFO]: ZebraEatCake lost connection: Disconnected
[15:38:15] [Server thread/INFO]: ZebraEatCake left the game
[15:39:15] [Server thread/INFO]: Server empty for 60 seconds, pausing
[15:40:49] [User Authenticator #3/INFO]: UUID of player ZebraEatCake is 8cd5df85-a442-49fb-948d-48f7a15e32bb
[15:40:52] [Server thread/INFO]: ZebraEatCake[/192.168.0.125:63507] logged in with entity id 526592 at (459.3142402606251, 250.0, -1469.300000011921)
[15:40:52] [Server thread/INFO]: [Zannagh's Armor Hider] - Player joined with ID 8cd5df85-a442-49fb-948d-48f7a15e32bb. Sending current server config to client...
[15:40:52] [Server thread/INFO]: ZebraEatCake joined the game
[15:40:52] [Server thread/INFO]: [Zannagh's Armor Hider] - Server received settings packet from 8cd5df85-a442-49fb-948d-48f7a15e32bb
[15:40:52] [Server thread/INFO]: [Zannagh's Armor Hider] - Saved server config.
[15:40:52] [Server thread/INFO]: [Zannagh's Armor Hider] - Saved server config.
[15:40:52] [Server thread/INFO]: [Zannagh's Armor Hider] - Sending config to players...
[15:40:52] [Server thread/INFO]: [Zannagh's Armor Hider] - Server received settings packet from 8cd5df85-a442-49fb-948d-48f7a15e32bb
[15:40:52] [Server thread/INFO]: [Zannagh's Armor Hider] - Saved server config.
[15:40:52] [Server thread/INFO]: [Zannagh's Armor Hider] - Saved server config.
[15:40:52] [Server thread/INFO]: [Zannagh's Armor Hider] - Sending config to players...
[15:40:52] [Server thread/INFO]: [Zannagh's Armor Hider] - Server received settings packet from 8cd5df85-a442-49fb-948d-48f7a15e32bb
[15:40:52] [Server thread/INFO]: [Zannagh's Armor Hider] - Saved server config.
[15:40:52] [Server thread/INFO]: [Zannagh's Armor Hider] - Saved server config.
[15:40:52] [Server thread/INFO]: [Zannagh's Armor Hider] - Sending config to players...
[19:25:49] [Server thread/INFO]: KittyScan (/176.65.148.174:33758) lost connection: Disconnected
[20:31:24] [User Authenticator #4/INFO]: UUID of player KittyScanArchive is 062756ef-bf83-4f39-9b52-c73f767c6b5b
[20:31:24] [Server thread/INFO]: Disconnecting KittyScanArchive (/176.65.148.4:36570): You are not white-listed on this server!
[20:31:24] [Server thread/INFO]: KittyScanArchive (/176.65.148.4:36570) lost connection: You are not white-listed on this server!
[20:31:24] [Server thread/WARN]: handleDisconnection() called twice
[22:03:10] [Server thread/INFO]: ZebraEatCake lost connection: Disconnected
[22:03:10] [Server thread/INFO]: ZebraEatCake left the game
[22:04:10] [Server thread/INFO]: Server empty for 60 seconds, pausing
[22:06:41] [User Authenticator #5/INFO]: UUID of player ZebraEatCake is 8cd5df85-a442-49fb-948d-48f7a15e32bb
[22:06:43] [Server thread/INFO]: ZebraEatCake[/192.168.0.125:58385] logged in with entity id 873942 at (459.69999998807907, 250.0, -1469.699999988079)
[22:06:43] [Server thread/INFO]: [Zannagh's Armor Hider] - Player joined with ID 8cd5df85-a442-49fb-948d-48f7a15e32bb. Sending current server config to client...
[22:06:43] [Server thread/INFO]: ZebraEatCake joined the game
[22:06:44] [Server thread/INFO]: [Zannagh's Armor Hider] - Server received settings packet from 8cd5df85-a442-49fb-948d-48f7a15e32bb
[22:06:44] [Server thread/INFO]: [Zannagh's Armor Hider] - Saved server config.
[22:06:44] [Server thread/INFO]: [Zannagh's Armor Hider] - Saved server config.
[22:06:44] [Server thread/INFO]: [Zannagh's Armor Hider] - Sending config to players...
[22:06:44] [Server thread/INFO]: [Zannagh's Armor Hider] - Server received settings packet from 8cd5df85-a442-49fb-948d-48f7a15e32bb
[22:06:44] [Server thread/INFO]: [Zannagh's Armor Hider] - Saved server config.
[22:06:44] [Server thread/INFO]: [Zannagh's Armor Hider] - Saved server config.
[22:06:44] [Server thread/INFO]: [Zannagh's Armor Hider] - Sending config to players...
[22:06:44] [Server thread/INFO]: [Zannagh's Armor Hider] - Server received settings packet from 8cd5df85-a442-49fb-948d-48f7a15e32bb
[22:06:44] [Server thread/INFO]: [Zannagh's Armor Hider] - Saved server config.
[22:06:44] [Server thread/INFO]: [Zannagh's Armor Hider] - Saved server config.
[22:06:44] [Server thread/INFO]: [Zannagh's Armor Hider] - Sending config to players...
[23:30:39] [Server thread/INFO]: ZebraEatCake lost connection: Disconnected
[23:30:39] [Server thread/INFO]: ZebraEatCake left the game
